✔ [7855/7884] Built Ram (122s)
✔ [7857/7884] Built Machine (119s)
✔ [7859/7884] Built MachineLib (117s)
✔ [7861/7884] Built MParse (129s)
✔ [7863/7884] Built MParseList (237s)
⚠ [7865/7884] Built MLib (307s)
warning: MLib.lean:487:48: unused variable `hSRC`

Note: This linter can be disabled with `set_option linter.unusedVariables false`
warning: MLib.lean:1611:46: unused variable `hN`

Note: This linter can be disabled with `set_option linter.unusedVariables false`
⚠ [7867/7884] Built MParseRec (152s)
warning: MParseRec.lean:127:20: unused variable `hW₁`

Note: This linter can be disabled with `set_option linter.unusedVariables false`
warning: MParseRec.lean:346:38: This simp argument is unused:
  List.mem_append

Hint: Omit it from the simp argument list.
  simp only [List.mem_cons, L̵i̵s̵t̵.̵m̵e̵m̵_̵a̵p̵p̵e̵n̵d̵,̵ ̵not_or]

Note: This linter can be disabled with `set_option linter.unusedSimpArgs false`
warning: MParseRec.lean:369:38: This simp argument is unused:
  List.mem_append

Hint: Omit it from the simp argument list.
  simp only [List.mem_cons, L̵i̵s̵t̵.̵m̵e̵m̵_̵a̵p̵p̵e̵n̵d̵,̵ ̵not_or]

Note: This linter can be disabled with `set_option linter.unusedSimpArgs false`
warning: MParseRec.lean:695:38: unused variable `lo`

Note: This linter can be disabled with `set_option linter.unusedVariables false`
warning: MParseRec.lean:698:20: unused variable `T'`

Note: This linter can be disabled with `set_option linter.unusedVariables false`
warning: MParseRec.lean:698:33: unused variable `lo`

Note: This linter can be disabled with `set_option linter.unusedVariables false`
warning: MParseRec.lean:698:42: unused variable `m`

Note: This linter can be disabled with `set_option linter.unusedVariables false`
warning: MParseRec.lean:698:52: unused variable `v`

Note: This linter can be disabled with `set_option linter.unusedVariables false`
⚠ [7869/7884] Built MLib2 (238s)
warning: MLib2.lean:17:43: unused variable `hY`

Note: This linter can be disabled with `set_option linter.unusedVariables false`
warning: MLib2.lean:82:46: unused variable `hY`

Note: This linter can be disabled with `set_option linter.unusedVariables false`
warning: MLib2.lean:82:80: unused variable `hYO`

Note: This linter can be disabled with `set_option linter.unusedVariables false`
warning: MLib2.lean:203:5: unused variable `hpre`

Note: This linter can be disabled with `set_option linter.unusedVariables false`
warning: MLib2.lean:828:71: unused variable `ha`

Note: This linter can be disabled with `set_option linter.unusedVariables false`
warning: MLib2.lean:828:85: unused variable `hb`

Note: This linter can be disabled with `set_option linter.unusedVariables false`
warning: MLib2.lean:829:65: unused variable `hF1`

Note: This linter can be disabled with `set_option linter.unusedVariables false`
warning: MLib2.lean:829:83: unused variable `hF2`

Note: This linter can be disabled with `set_option linter.unusedVariables false`
warning: MLib2.lean:950:57: This simp argument is unused:
  X_

Hint: Omit it from the simp argument list.
  simp [LvarsX, X̵_̵,̵ ̵I_, CNT_, PTR_, CONT_, OUT_]

Note: This linter can be disabled with `set_option linter.unusedSimpArgs false`
⚠ [7871/7884] Built MLib3 (122s)
warning: MLib3.lean:197:61: This simp argument is unused:
  rangeV

Hint: Omit it from the simp argument list.
  simp only [List.mem_append, List.mem_cons,̵ ̵r̵a̵n̵g̵e̵V̵] at hx ⊢

Note: This linter can be disabled with `set_option linter.unusedSimpArgs false`
warning: MLib3.lean:360:54: unused variable `hDA`

Note: This linter can be disabled with `set_option linter.unusedVariables false`
warning: MLib3.lean:360:68: unused variable `hDI`

Note: This linter can be disabled with `set_option linter.unusedVariables false`
warning: MLib3.lean:387:54: unused variable `hDQ`

Note: This linter can be disabled with `set_option linter.unusedVariables false`
warning: MLib3.lean:409:54: unused variable `hDQ`

Note: This linter can be disabled with `set_option linter.unusedVariables false`
⚠ [7873/7884] Built MValid (174s)
warning: MValid.lean:305:55: This simp argument is unused:
  KV

Hint: Omit it from the simp argument list.
  simp +decide [K̵V̵,̵ ̵G_, BASE, OUTS, SRCS]

Note: This linter can be disabled with `set_option linter.unusedSimpArgs false`
warning: MValid.lean:305:59: This simp argument is unused:
  G_

Hint: Omit it from the simp argument list.
  simp +decide [KV, G̵_̵,̵ ̵BASE, OUTS, SRCS]

Note: This linter can be disabled with `set_option linter.unusedSimpArgs false`
warning: MValid.lean:305:63: This simp argument is unused:
  BASE

Hint: Omit it from the simp argument list.
  simp +decide [KV, G_, B̵A̵S̵E̵,̵ ̵OUTS, SRCS]

Note: This linter can be disabled with `set_option linter.unusedSimpArgs false`
warning: MValid.lean:305:69: This simp argument is unused:
  OUTS

Hint: Omit it from the simp argument list.
  simp +decide [KV, G_, BASE, O̵U̵T̵S,̵ ̵S̵RCS]

Note: This linter can be disabled with `set_option linter.unusedSimpArgs false`
warning: MValid.lean:305:75: This simp argument is unused:
  SRCS

Hint: Omit it from the simp argument list.
  simp +decide [KV, G_, BASE, OUTS,̵ ̵S̵R̵C̵S̵]

Note: This linter can be disabled with `set_option linter.unusedSimpArgs false`
warning: MValid.lean:307:55: This simp argument is unused:
  KV

Hint: Omit it from the simp argument list.
  simp +decide [K̵V̵,̵ ̵G_, BASE, OUTS, SRCS, SYMS]

Note: This linter can be disabled with `set_option linter.unusedSimpArgs false`
warning: MValid.lean:307:59: This simp argument is unused:
  G_

Hint: Omit it from the simp argument list.
  simp +decide [KV, G̵_̵,̵ ̵BASE, OUTS, SRCS, SYMS]

Note: This linter can be disabled with `set_option linter.unusedSimpArgs false`
warning: MValid.lean:307:63: This simp argument is unused:
  BASE

Hint: Omit it from the simp argument list.
  simp +decide [KV, G_, B̵A̵S̵E̵,̵ ̵OUTS, SRCS, SYMS]

Note: This linter can be disabled with `set_option linter.unusedSimpArgs false`
warning: MValid.lean:307:69: This simp argument is unused:
  OUTS

Hint: Omit it from the simp argument list.
  simp +decide [KV, G_, BASE, O̵U̵T̵S,̵ ̵S̵RCS, SYMS]

Note: This linter can be disabled with `set_option linter.unusedSimpArgs false`
warning: MValid.lean:307:75: This simp argument is unused:
  SRCS

Hint: Omit it from the simp argument list.
  simp +decide [KV, G_, BASE, OUTS, SR̵C̵S̵,̵ ̵S̵YMS]

Note: This linter can be disabled with `set_option linter.unusedSimpArgs false`
warning: MValid.lean:307:81: This simp argument is unused:
  SYMS

Hint: Omit it from the simp argument list.
  simp +decide [KV, G_, BASE, OUTS, SRCS,̵ ̵S̵Y̵M̵S̵]

Note: This linter can be disabled with `set_option linter.unusedSimpArgs false`
warning: MValid.lean:309:56: This simp argument is unused:
  KV

Hint: Omit it from the simp argument list.
  simp +decide [K̵V̵,̵ ̵G_, BASE, OUTS, SRCS, SYMS, NODES]

Note: This linter can be disabled with `set_option linter.unusedSimpArgs false`
warning: MValid.lean:309:60: This simp argument is unused:
  G_

Hint: Omit it from the simp argument list.
  simp +decide [KV, G̵_̵,̵ ̵BASE, OUTS, SRCS, SYMS, NODES]

Note: This linter can be disabled with `set_option linter.unusedSimpArgs false`
warning: MValid.lean:309:64: This simp argument is unused:
  BASE

Hint: Omit it from the simp argument list.
  simp +decide [KV, G_, B̵A̵S̵E̵,̵ ̵OUTS, SRCS, SYMS, NODES]

Note: This linter can be disabled with `set_option linter.unusedSimpArgs false`
warning: MValid.lean:309:70: This simp argument is unused:
  OUTS

Hint: Omit it from the simp argument list.
  simp +decide [KV, G_, BASE, O̵U̵T̵S,̵ ̵S̵RCS, SYMS, NODES]

Note: This linter can be disabled with `set_option linter.unusedSimpArgs false`
warning: MValid.lean:309:76: This simp argument is unused:
  SRCS

Hint: Omit it from the simp argument list.
  simp +decide [KV, G_, BASE, OUTS, SR̵C̵S̵,̵ ̵S̵YMS, NODES]

Note: This linter can be disabled with `set_option linter.unusedSimpArgs false`
warning: MValid.lean:309:82: This simp argument is unused:
  SYMS

Hint: Omit it from the simp argument list.
  simp +decide [KV, G_, BASE, OUTS, SRCS, S̵Y̵M̵S̵,̵ ̵NODES]

Note: This linter can be disabled with `set_option linter.unusedSimpArgs false`
warning: MValid.lean:309:88: This simp argument is unused:
  NODES

Hint: Omit it from the simp argument list.
  simp +decide [KV, G_, BASE, OUTS, SRCS, SYMS,̵ ̵N̵O̵D̵E̵S̵]

Note: This linter can be disabled with `set_option linter.unusedSimpArgs false`
warning: MValid.lean:311:53: This simp argument is unused:
  KV

Hint: Omit it from the simp argument list.
  simp +decide [K̵V̵,̵ ̵G_, BASE, OUTS, SRCS, SYMS, NODES, XV]

Note: This linter can be disabled with `set_option linter.unusedSimpArgs false`
warning: MValid.lean:311:57: This simp argument is unused:
  G_

Hint: Omit it from the simp argument list.
  simp +decide [KV, G̵_̵,̵ ̵BASE, OUTS, SRCS, SYMS, NODES, XV]

Note: This linter can be disabled with `set_option linter.unusedSimpArgs false`
warning: MValid.lean:311:61: This simp argument is unused:
  BASE

Hint: Omit it from the simp argument list.
  simp +decide [KV, G_, B̵A̵S̵E̵,̵ ̵OUTS, SRCS, SYMS, NODES, XV]

Note: This linter can be disabled with `set_option linter.unusedSimpArgs false`
warning: MValid.lean:311:67: This simp argument is unused:
  OUTS

Hint: Omit it from the simp argument list.
  simp +decide [KV, G_, BASE, O̵U̵T̵S,̵ ̵S̵RCS, SYMS, NODES, XV]

Note: This linter can be disabled with `set_option linter.unusedSimpArgs false`
warning: MValid.lean:311:73: This simp argument is unused:
  SRCS

Hint: Omit it from the simp argument list.
  simp +decide [KV, G_, BASE, OUTS, SR̵C̵S̵,̵ ̵S̵YMS, NODES, XV]

Note: This linter can be disabled with `set_option linter.unusedSimpArgs false`
warning: MValid.lean:311:79: This simp argument is unused:
  SYMS

Hint: Omit it from the simp argument list.
  simp +decide [KV, G_, BASE, OUTS, SRCS, S̵Y̵M̵S̵,̵ ̵NODES, XV]

Note: This linter can be disabled with `set_option linter.unusedSimpArgs false`
warning: MValid.lean:311:85: This simp argument is unused:
  NODES

Hint: Omit it from the simp argument list.
  simp +decide [KV, G_, BASE, OUTS, SRCS, SYMS, N̵O̵D̵E̵S̵,̵ ̵XV]

Note: This linter can be disabled with `set_option linter.unusedSimpArgs false`
warning: MValid.lean:311:92: This simp argument is unused:
  XV

Hint: Omit it from the simp argument list.
  simp +decide [KV, G_, BASE, OUTS, SRCS, SYMS, NODES,̵ ̵X̵V̵]

Note: This linter can be disabled with `set_option linter.unusedSimpArgs false`
warning: MValid.lean:312:53: This simp argument is unused:
  KV

Hint: Omit it from the simp argument list.
  simp +decide [K̵V̵,̵ ̵G_, BASE, OUTS, SRCS, SYMS, NODES, XV, YV]

Note: This linter can be disabled with `set_option linter.unusedSimpArgs false`
warning: MValid.lean:312:57: This simp argument is unused:
  G_

Hint: Omit it from the simp argument list.
  simp +decide [KV, G̵_̵,̵ ̵BASE, OUTS, SRCS, SYMS, NODES, XV, YV]

Note: This linter can be disabled with `set_option linter.unusedSimpArgs false`
warning: MValid.lean:312:61: This simp argument is unused:
  BASE

Hint: Omit it from the simp argument list.
  simp +decide [KV, G_, B̵A̵S̵E̵,̵ ̵OUTS, SRCS, SYMS, NODES, XV, YV]

Note: This linter can be disabled with `set_option linter.unusedSimpArgs false`
warning: MValid.lean:312:67: This simp argument is unused:
  OUTS

Hint: Omit it from the simp argument list.
  simp +decide [KV, G_, BASE, O̵U̵T̵S,̵ ̵S̵RCS, SYMS, NODES, XV, YV]

Note: This linter can be disabled with `set_option linter.unusedSimpArgs false`
warning: MValid.lean:312:73: This simp argument is unused:
  SRCS

Hint: Omit it from the simp argument list.
  simp +decide [KV, G_, BASE, OUTS, SR̵C̵S̵,̵ ̵S̵YMS, NODES, XV, YV]

Note: This linter can be disabled with `set_option linter.unusedSimpArgs false`
warning: MValid.lean:312:79: This simp argument is unused:
  SYMS

Hint: Omit it from the simp argument list.
  simp +decide [KV, G_, BASE, OUTS, SRCS, S̵Y̵M̵S̵,̵ ̵NODES, XV, YV]

Note: This linter can be disabled with `set_option linter.unusedSimpArgs false`
warning: MValid.lean:312:85: This simp argument is unused:
  NODES

Hint: Omit it from the simp argument list.
  simp +decide [KV, G_, BASE, OUTS, SRCS, SYMS, N̵O̵D̵E̵S̵,̵ ̵XV, YV]

Note: This linter can be disabled with `set_option linter.unusedSimpArgs false`
warning: MValid.lean:312:92: This simp argument is unused:
  XV

Hint: Omit it from the simp argument list.
  simp +decide [KV, G_, BASE, OUTS, SRCS, SYMS, NODES, X̵V̵,̵ ̵YV]

Note: This linter can be disabled with `set_option linter.unusedSimpArgs false`
warning: MValid.lean:312:96: This simp argument is unused:
  YV

Hint: Omit it from the simp argument list.
  simp +decide [KV, G_, BASE, OUTS, SRCS, SYMS, NODES, XV,̵ ̵Y̵V̵]

Note: This linter can be disabled with `set_option linter.unusedSimpArgs false`
warning: MValid.lean:313:53: This simp argument is unused:
  KV

Hint: Omit it from the simp argument list.
  simp +decide [K̵V̵,̵ ̵G_, BASE, OUTS, SRCS, SYMS, NODES, XV, YV, TV]

Note: This linter can be disabled with `set_option linter.unusedSimpArgs false`
warning: MValid.lean:313:57: This simp argument is unused:
  G_

Hint: Omit it from the simp argument list.
  simp +decide [KV, G̵_̵,̵ ̵BASE, OUTS, SRCS, SYMS, NODES, XV, YV, TV]

Note: This linter can be disabled with `set_option linter.unusedSimpArgs false`
warning: MValid.lean:313:61: This simp argument is unused:
  BASE

Hint: Omit it from the simp argument list.
  simp +decide [KV, G_, B̵A̵S̵E̵,̵ ̵OUTS, SRCS, SYMS, NODES, XV, YV, TV]

Note: This linter can be disabled with `set_option linter.unusedSimpArgs false`
warning: MValid.lean:313:67: This simp argument is unused:
  OUTS

Hint: Omit it from the simp argument list.
  simp +decide [KV, G_, BASE, O̵U̵T̵S,̵ ̵S̵RCS, SYMS, NODES, XV, YV, TV]

Note: This linter can be disabled with `set_option linter.unusedSimpArgs false`
warning: MValid.lean:313:73: This simp argument is unused:
  SRCS

Hint: Omit it from the simp argument list.
  simp +decide [KV, G_, BASE, OUTS, SR̵C̵S̵,̵ ̵S̵YMS, NODES, XV, YV, TV]

Note: This linter can be disabled with `set_option linter.unusedSimpArgs false`
warning: MValid.lean:313:79: This simp argument is unused:
  SYMS

Hint: Omit it from the simp argument list.
  simp +decide [KV, G_, BASE, OUTS, SRCS, S̵Y̵M̵S̵,̵ ̵NODES, XV, YV, TV]

Note: This linter can be disabled with `set_option linter.unusedSimpArgs false`
warning: MValid.lean:313:85: This simp argument is unused:
  NODES

Hint: Omit it from the simp argument list.
  simp +decide [KV, G_, BASE, OUTS, SRCS, SYMS, N̵O̵D̵E̵S̵,̵ ̵XV, YV, TV]

Note: This linter can be disabled with `set_option linter.unusedSimpArgs false`
warning: MValid.lean:313:92: This simp argument is unused:
  XV

Hint: Omit it from the simp argument list.
  simp +decide [KV, G_, BASE, OUTS, SRCS, SYMS, NODES, X̵V̵,̵ ̵YV, TV]

Note: This linter can be disabled with `set_option linter.unusedSimpArgs false`
warning: MValid.lean:313:96: This simp argument is unused:
  YV

Hint: Omit it from the simp argument list.
  simp +decide [KV, G_, BASE, OUTS, SRCS, SYMS, NODES, XV, Y̵V̵,̵ ̵TV]

Note: This linter can be disabled with `set_option linter.unusedSimpArgs false`
warning: MValid.lean:313:100: This simp argument is unused:
  TV

Hint: Omit it from the simp argument list.
  simp +decide [KV, G_, BASE, OUTS, SRCS, SYMS, NODES, XV, YV,̵ ̵T̵V̵]

Note: This linter can be disabled with `set_option linter.unusedSimpArgs false`
warning: MValid.lean:315:18: This simp argument is unused:
  KV

Hint: Omit it from the simp argument list.
  simp +decide [K̵V̵,̵ ̵G_, BASE, OUTS, SRCS, SYMS, NODES, XV, YV, TV, TESTS]

Note: This linter can be disabled with `set_option linter.unusedSimpArgs false`
warning: MValid.lean:315:22: This simp argument is unused:
  G_

Hint: Omit it from the simp argument list.
  simp +decide [KV, G̵_̵,̵ ̵BASE, OUTS, SRCS, SYMS, NODES, XV, YV, TV, TESTS]

Note: This linter can be disabled with `set_option linter.unusedSimpArgs false`
warning: MValid.lean:315:26: This simp argument is unused:
  BASE

Hint: Omit it from the simp argument list.
  simp +decide [KV, G_, B̵A̵S̵E̵,̵ ̵OUTS, SRCS, SYMS, NODES, XV, YV, TV, TESTS]

Note: This linter can be disabled with `set_option linter.unusedSimpArgs false`
warning: MValid.lean:315:32: This simp argument is unused:
  OUTS

Hint: Omit it from the simp argument list.
  simp +decide [KV, G_, BASE, O̵U̵T̵S,̵ ̵S̵RCS, SYMS, NODES, XV, YV, TV, TESTS]

Note: This linter can be disabled with `set_option linter.unusedSimpArgs false`
warning: MValid.lean:315:38: This simp argument is unused:
  SRCS

Hint: Omit it from the simp argument list.
  simp +decide [KV, G_, BASE, OUTS, SR̵C̵S̵,̵ ̵S̵YMS, NODES, XV, YV, TV, TESTS]

Note: This linter can be disabled with `set_option linter.unusedSimpArgs false`
warning: MValid.lean:315:44: This simp argument is unused:
  SYMS

Hint: Omit it from the simp argument list.
  simp +decide [KV, G_, BASE, OUTS, SRCS, S̵Y̵M̵S̵,̵ ̵NODES, XV, YV, TV, TESTS]

Note: This linter can be disabled with `set_option linter.unusedSimpArgs false`
warning: MValid.lean:315:50: This simp argument is unused:
  NODES

Hint: Omit it from the simp argument list.
  simp +decide [KV, G_, BASE, OUTS, SRCS, SYMS, N̵O̵D̵E̵S̵,̵ ̵XV, YV, TV, TESTS]

Note: This linter can be disabled with `set_option linter.unusedSimpArgs false`
warning: MValid.lean:315:57: This simp argument is unused:
  XV

Hint: Omit it from the simp argument list.
  simp +decide [KV, G_, BASE, OUTS, SRCS, SYMS, NODES, X̵V̵,̵ ̵YV, TV, TESTS]

Note: This linter can be disabled with `set_option linter.unusedSimpArgs false`
warning: MValid.lean:315:61: This simp argument is unused:
  YV

Hint: Omit it from the simp argument list.
  simp +decide [KV, G_, BASE, OUTS, SRCS, SYMS, NODES, XV, Y̵V̵,̵ ̵TV, TESTS]

Note: This linter can be disabled with `set_option linter.unusedSimpArgs false`
warning: MValid.lean:315:65: This simp argument is unused:
  TV

Hint: Omit it from the simp argument list.
  simp +decide [KV, G_, BASE, OUTS, SRCS, SYMS, NODES, XV, YV, TV̵,̵ ̵T̵ESTS]

Note: This linter can be disabled with `set_option linter.unusedSimpArgs false`
warning: MValid.lean:315:69: This simp argument is unused:
  TESTS

Hint: Omit it from the simp argument list.
  simp +decide [KV, G_, BASE, OUTS, SRCS, SYMS, NODES, XV, YV, TV,̵ ̵T̵E̵S̵T̵S̵]

Note: This linter can be disabled with `set_option linter.unusedSimpArgs false`
warning: MValid.lean:317:55: This simp argument is unused:
  KV

Hint: Omit it from the simp argument list.
  simp +decide [K̵V̵,̵ ̵G_, BASE, OUTS]

Note: This linter can be disabled with `set_option linter.unusedSimpArgs false`
warning: MValid.lean:317:59: This simp argument is unused:
  G_

Hint: Omit it from the simp argument list.
  simp +decide [KV, G̵_̵,̵ ̵BASE, OUTS]

Note: This linter can be disabled with `set_option linter.unusedSimpArgs false`
warning: MValid.lean:317:63: This simp argument is unused:
  BASE

Hint: Omit it from the simp argument list.
  simp +decide [KV, G_, B̵A̵S̵E̵,̵ ̵OUTS]

Note: This linter can be disabled with `set_option linter.unusedSimpArgs false`
warning: MValid.lean:317:69: This simp argument is unused:
  OUTS

Hint: Omit it from the simp argument list.
  simp +decide [KV, G_, BASE,̵ ̵O̵U̵T̵S̵]

Note: This linter can be disabled with `set_option linter.unusedSimpArgs false`
warning: MValid.lean:320:18: This simp argument is unused:
  KV

Hint: Omit it from the simp argument list.
  simp +decide [K̵V̵,̵ ̵G_, BASE, OUTS, SRCS, SYMS, NODES, XV, YV, TV, TESTS, NN]

Note: This linter can be disabled with `set_option linter.unusedSimpArgs false`
warning: MValid.lean:320:22: This simp argument is unused:
  G_

Hint: Omit it from the simp argument list.
  simp +decide [KV, G̵_̵,̵ ̵BASE, OUTS, SRCS, SYMS, NODES, XV, YV, TV, TESTS, NN]

Note: This linter can be disabled with `set_option linter.unusedSimpArgs false`
warning: MValid.lean:320:26: This simp argument is unused:
  BASE

Hint: Omit it from the simp argument list.
  simp +decide [KV, G_, B̵A̵S̵E̵,̵ ̵OUTS, SRCS, SYMS, NODES, XV, YV, TV, TESTS, NN]

Note: This linter can be disabled with `set_option linter.unusedSimpArgs false`
warning: MValid.lean:320:32: This simp argument is unused:
  OUTS

Hint: Omit it from the simp argument list.
  simp +decide [KV, G_, BASE, O̵U̵T̵S,̵ ̵S̵RCS, SYMS, NODES, XV, YV, TV, TESTS, NN]

Note: This linter can be disabled with `set_option linter.unusedSimpArgs false`
warning: MValid.lean:320:38: This simp argument is unused:
  SRCS

Hint: Omit it from the simp argument list.
  simp +decide [KV, G_, BASE, OUTS, SR̵C̵S̵,̵ ̵S̵YMS, NODES, XV, YV, TV, TESTS, NN]

Note: This linter can be disabled with `set_option linter.unusedSimpArgs false`
warning: MValid.lean:320:44: This simp argument is unused:
  SYMS

Hint: Omit it from the simp argument list.
  simp +decide [KV, G_, BASE, OUTS, SRCS, S̵Y̵M̵S̵,̵ ̵NODES, XV, YV, TV, TESTS, NN]

Note: This linter can be disabled with `set_option linter.unusedSimpArgs false`
warning: MValid.lean:320:50: This simp argument is unused:
  NODES

Hint: Omit it from the simp argument list.
  simp +decide [KV, G_, BASE, OUTS, SRCS, SYMS, N̵O̵D̵E̵S̵,̵ ̵XV, YV, TV, TESTS, NN]

Note: This linter can be disabled with `set_option linter.unusedSimpArgs false`
warning: MValid.lean:320:57: This simp argument is unused:
  XV

Hint: Omit it from the simp argument list.
  simp +decide [KV, G_, BASE, OUTS, SRCS, SYMS, NODES, X̵V̵,̵ ̵YV, TV, TESTS, NN]

Note: This linter can be disabled with `set_option linter.unusedSimpArgs false`
warning: MValid.lean:320:61: This simp argument is unused:
  YV

Hint: Omit it from the simp argument list.
  simp +decide [KV, G_, BASE, OUTS, SRCS, SYMS, NODES, XV, Y̵V̵,̵ ̵TV, TESTS, NN]

Note: This linter can be disabled with `set_option linter.unusedSimpArgs false`
warning: MValid.lean:320:65: This simp argument is unused:
  TV

Hint: Omit it from the simp argument list.
  simp +decide [KV, G_, BASE, OUTS, SRCS, SYMS, NODES, XV, YV, TV̵,̵ ̵T̵ESTS, NN]

Note: This linter can be disabled with `set_option linter.unusedSimpArgs false`
warning: MValid.lean:320:69: This simp argument is unused:
  TESTS

Hint: Omit it from the simp argument list.
  simp +decide [KV, G_, BASE, OUTS, SRCS, SYMS, NODES, XV, YV, TV, T̵E̵S̵T̵S̵,̵ ̵NN]

Note: This linter can be disabled with `set_option linter.unusedSimpArgs false`
warning: MValid.lean:320:76: This simp argument is unused:
  NN

Hint: Omit it from the simp argument list.
  simp +decide [KV, G_, BASE, OUTS, SRCS, SYMS, NODES, XV, YV, TV, TESTS,̵ ̵N̵N̵]

Note: This linter can be disabled with `set_option linter.unusedSimpArgs false`
warning: MValid.lean:323:18: This simp argument is unused:
  KV

Hint: Omit it from the simp argument list.
  simp +decide [K̵V̵,̵ ̵G_, BASE, OUTS, SRCS, SYMS, NODES, XV, YV, TV, TESTS, NN, KK]

Note: This linter can be disabled with `set_option linter.unusedSimpArgs false`
warning: MValid.lean:323:22: This simp argument is unused:
  G_

Hint: Omit it from the simp argument list.
  simp +decide [KV, G̵_̵,̵ ̵BASE, OUTS, SRCS, SYMS, NODES, XV, YV, TV, TESTS, NN, KK]

Note: This linter can be disabled with `set_option linter.unusedSimpArgs false`
warning: MValid.lean:323:26: This simp argument is unused:
  BASE

Hint: Omit it from the simp argument list.
  simp +decide [KV, G_, B̵A̵S̵E̵,̵ ̵OUTS, SRCS, SYMS, NODES, XV, YV, TV, TESTS, NN, KK]

Note: This linter can be disabled with `set_option linter.unusedSimpArgs false`
warning: MValid.lean:323:32: This simp argument is unused:
  OUTS

Hint: Omit it from the simp argument list.
  simp +decide [KV, G_, BASE, O̵U̵T̵S,̵ ̵S̵RCS, SYMS, NODES, XV, YV, TV, TESTS, NN, KK]

Note: This linter can be disabled with `set_option linter.unusedSimpArgs false`
warning: MValid.lean:323:38: This simp argument is unused:
  SRCS

Hint: Omit it from the simp argument list.
  simp +decide [KV, G_, BASE, OUTS, SR̵C̵S̵,̵ ̵S̵YMS, NODES, XV, YV, TV, TESTS, NN, KK]

Note: This linter can be disabled with `set_option linter.unusedSimpArgs false`
warning: MValid.lean:323:44: This simp argument is unused:
  SYMS

Hint: Omit it from the simp argument list.
  simp +decide [KV, G_, BASE, OUTS, SRCS, S̵Y̵M̵S̵,̵ ̵NODES, XV, YV, TV, TESTS, NN, KK]

Note: This linter can be disabled with `set_option linter.unusedSimpArgs false`
warning: MValid.lean:323:50: This simp argument is unused:
  NODES

Hint: Omit it from the simp argument list.
  simp +decide [KV, G_, BASE, OUTS, SRCS, SYMS, N̵O̵D̵E̵S̵,̵ ̵XV, YV, TV, TESTS, NN, KK]

Note: This linter can be disabled with `set_option linter.unusedSimpArgs false`
warning: MValid.lean:323:57: This simp argument is unused:
  XV

Hint: Omit it from the simp argument list.
  simp +decide [KV, G_, BASE, OUTS, SRCS, SYMS, NODES, X̵V̵,̵ ̵YV, TV, TESTS, NN, KK]

Note: This linter can be disabled with `set_option linter.unusedSimpArgs false`
warning: MValid.lean:323:61: This simp argument is unused:
  YV

Hint: Omit it from the simp argument list.
  simp +decide [KV, G_, BASE, OUTS, SRCS, SYMS, NODES, XV, Y̵V̵,̵ ̵TV, TESTS, NN, KK]

Note: This linter can be disabled with `set_option linter.unusedSimpArgs false`
warning: MValid.lean:323:65: This simp argument is unused:
  TV

Hint: Omit it from the simp argument list.
  simp +decide [KV, G_, BASE, OUTS, SRCS, SYMS, NODES, XV, YV, TV̵,̵ ̵T̵ESTS, NN, KK]

Note: This linter can be disabled with `set_option linter.unusedSimpArgs false`
warning: MValid.lean:323:69: This simp argument is unused:
  TESTS

Hint: Omit it from the simp argument list.
  simp +decide [KV, G_, BASE, OUTS, SRCS, SYMS, NODES, XV, YV, TV, T̵E̵S̵T̵S̵,̵ ̵NN, KK]

Note: This linter can be disabled with `set_option linter.unusedSimpArgs false`
warning: MValid.lean:323:76: This simp argument is unused:
  NN

Hint: Omit it from the simp argument list.
  simp +decide [KV, G_, BASE, OUTS, SRCS, SYMS, NODES, XV, YV, TV, TESTS, N̵N̵,̵ ̵KK]

Note: This linter can be disabled with `set_option linter.unusedSimpArgs false`
warning: MValid.lean:323:80: This simp argument is unused:
  KK

Hint: Omit it from the simp argument list.
  simp +decide [KV, G_, BASE, OUTS, SRCS, SYMS, NODES, XV, YV, TV, TESTS, NN,̵ ̵K̵K̵]

Note: This linter can be disabled with `set_option linter.unusedSimpArgs false`
warning: MValid.lean:326:18: This simp argument is unused:
  KV

Hint: Omit it from the simp argument list.
  simp +decide [K̵V̵,̵ ̵G_, BASE, OUTS, SRCS, SYMS, NODES, XV, YV, TV, TESTS, NN, KK, MM]

Note: This linter can be disabled with `set_option linter.unusedSimpArgs false`
warning: MValid.lean:326:22: This simp argument is unused:
  G_

Hint: Omit it from the simp argument list.
  simp +decide [KV, G̵_̵,̵ ̵BASE, OUTS, SRCS, SYMS, NODES, XV, YV, TV, TESTS, NN, KK, MM]

Note: This linter can be disabled with `set_option linter.unusedSimpArgs false`
warning: MValid.lean:326:26: This simp argument is unused:
  BASE

Hint: Omit it from the simp argument list.
  simp +decide [KV, G_, B̵A̵S̵E̵,̵ ̵OUTS, SRCS, SYMS, NODES, XV, YV, TV, TESTS, NN, KK, MM]

Note: This linter can be disabled with `set_option linter.unusedSimpArgs false`
warning: MValid.lean:326:32: This simp argument is unused:
  OUTS

Hint: Omit it from the simp argument list.
  simp +decide [KV, G_, BASE, O̵U̵T̵S,̵ ̵S̵RCS, SYMS, NODES, XV, YV, TV, TESTS, NN, KK, MM]

Note: This linter can be disabled with `set_option linter.unusedSimpArgs false`
warning: MValid.lean:326:38: This simp argument is unused:
  SRCS

Hint: Omit it from the simp argument list.
  simp +decide [KV, G_, BASE, OUTS, SR̵C̵S̵,̵ ̵S̵YMS, NODES, XV, YV, TV, TESTS, NN, KK, MM]

Note: This linter can be disabled with `set_option linter.unusedSimpArgs false`
warning: MValid.lean:326:44: This simp argument is unused:
  SYMS

Hint: Omit it from the simp argument list.
  simp +decide [KV, G_, BASE, OUTS, SRCS, S̵Y̵M̵S̵,̵ ̵NODES, XV, YV, TV, TESTS, NN, KK, MM]

Note: This linter can be disabled with `set_option linter.unusedSimpArgs false`
warning: MValid.lean:326:50: This simp argument is unused:
  NODES

Hint: Omit it from the simp argument list.
  simp +decide [KV, G_, BASE, OUTS, SRCS, SYMS, N̵O̵D̵E̵S̵,̵ ̵XV, YV, TV, TESTS, NN, KK, MM]

Note: This linter can be disabled with `set_option linter.unusedSimpArgs false`
warning: MValid.lean:326:57: This simp argument is unused:
  XV

Hint: Omit it from the simp argument list.
  simp +decide [KV, G_, BASE, OUTS, SRCS, SYMS, NODES, X̵V̵,̵ ̵YV, TV, TESTS, NN, KK, MM]

Note: This linter can be disabled with `set_option linter.unusedSimpArgs false`
warning: MValid.lean:326:61: This simp argument is unused:
  YV

Hint: Omit it from the simp argument list.
  simp +decide [KV, G_, BASE, OUTS, SRCS, SYMS, NODES, XV, Y̵V̵,̵ ̵TV, TESTS, NN, KK, MM]

Note: This linter can be disabled with `set_option linter.unusedSimpArgs false`
warning: MValid.lean:326:65: This simp argument is unused:
  TV

Hint: Omit it from the simp argument list.
  simp +decide [KV, G_, BASE, OUTS, SRCS, SYMS, NODES, XV, YV, TV̵,̵ ̵T̵ESTS, NN, KK, MM]

Note: This linter can be disabled with `set_option linter.unusedSimpArgs false`
warning: MValid.lean:326:69: This simp argument is unused:
  TESTS

Hint: Omit it from the simp argument list.
  simp +decide [KV, G_, BASE, OUTS, SRCS, SYMS, NODES, XV, YV, TV, T̵E̵S̵T̵S̵,̵ ̵NN, KK, MM]

Note: This linter can be disabled with `set_option linter.unusedSimpArgs false`
warning: MValid.lean:326:76: This simp argument is unused:
  NN

Hint: Omit it from the simp argument list.
  simp +decide [KV, G_, BASE, OUTS, SRCS, SYMS, NODES, XV, YV, TV, TESTS, N̵N̵,̵ ̵KK, MM]

Note: This linter can be disabled with `set_option linter.unusedSimpArgs false`
warning: MValid.lean:326:80: This simp argument is unused:
  KK

Hint: Omit it from the simp argument list.
  simp +decide [KV, G_, BASE, OUTS, SRCS, SYMS, NODES, XV, YV, TV, TESTS, NN, K̵K̵,̵ ̵MM]

Note: This linter can be disabled with `set_option linter.unusedSimpArgs false`
warning: MValid.lean:326:84: This simp argument is unused:
  MM

Hint: Omit it from the simp argument list.
  simp +decide [KV, G_, BASE, OUTS, SRCS, SYMS, NODES, XV, YV, TV, TESTS, NN, KK,̵ ̵M̵M̵]

Note: This linter can be disabled with `set_option linter.unusedSimpArgs false`
warning: MValid.lean:737:106: This simp argument is unused:
  hx0

Hint: Omit it from the simp argument list.
  simp only [Q, hag.var (G_ 1) (by addr3) (by addr3) (by simp [G_]), hG1, hp.1, hG2,
  ̲  ̲ ̲ ̲ ̲ ̲(hptr m hpre).2.2, hx0̵,̵ ̵h̵x̵1]

Note: This linter can be disabled with `set_option linter.unusedSimpArgs false`
warning: MValid.lean:737:111: This simp argument is unused:
  hx1

Hint: Omit it from the simp argument list.
  simp only [Q, hag.var (G_ 1) (by addr3) (by addr3) (by simp [G_]), hG1, hp.1, hG2,
  ̲  ̲ ̲ ̲ ̲ ̲(hptr m hpre).2.2, hx0,̵ ̵h̵x̵1̵]

Note: This linter can be disabled with `set_option linter.unusedSimpArgs false`
warning: MValid.lean:1763:50: unused variable `m`

Note: This linter can be disabled with `set_option linter.unusedVariables false`
⚠ [7875/7884] Built MCanon (171s)
warning: MCanon.lean:1287:57: This simp argument is unused:
  if_false

Hint: Omit it from the simp argument list.
  simp only [↓reduceIte, Nat.one_ne_zero,̵ ̵i̵f̵_̵f̵a̵l̵s̵e̵]

Note: This linter can be disabled with `set_option linter.unusedSimpArgs false`
warning: MCanon.lean:1529:34: unused variable `m`

Note: This linter can be disabled with `set_option linter.unusedVariables false`
warning: MCanon.lean:1529:36: unused variable `m₁`

Note: This linter can be disabled with `set_option linter.unusedVariables false`
warning: MCanon.lean:1532:78: unused variable `m`

Note: This linter can be disabled with `set_option linter.unusedVariables false`
⚠ [7877/7884] Built MNet (202s)
warning: MNet.lean:624:50: unused variable `hPd`

Note: This linter can be disabled with `set_option linter.unusedVariables false`
warning: MNet.lean:656:15: unused variable `x`

Note: This linter can be disabled with `set_option linter.unusedVariables false`
warning: MNet.lean:656:39: unused variable `m`

Note: This linter can be disabled with `set_option linter.unusedVariables false`
warning: MNet.lean:662:60: unused variable `m`

Note: This linter can be disabled with `set_option linter.unusedVariables false`
warning: MNet.lean:662:62: unused variable `m'`

Note: This linter can be disabled with `set_option linter.unusedVariables false`
warning: MNet.lean:666:6: unused variable `m`

Note: This linter can be disabled with `set_option linter.unusedVariables false`
warning: MNet.lean:666:8: unused variable `m'`

Note: This linter can be disabled with `set_option linter.unusedVariables false`
warning: MNet.lean:1281:8: unused variable `m'`

Note: This linter can be disabled with `set_option linter.unusedVariables false`
warning: MNet.lean:1872:15: unused variable `x`

Note: This linter can be disabled with `set_option linter.unusedVariables false`
warning: MNet.lean:1872:39: unused variable `m`

Note: This linter can be disabled with `set_option linter.unusedVariables false`
⚠ [7879/7884] Built MFlow (207s)
warning: MFlow.lean:130:34: unused variable `hA`

Note: This linter can be disabled with `set_option linter.unusedVariables false`
warning: MFlow.lean:574:5: unused variable `hV`

Note: This linter can be disabled with `set_option linter.unusedVariables false`
warning: MFlow.lean:606:47: unused variable `m`

Note: This linter can be disabled with `set_option linter.unusedVariables false`
warning: MFlow.lean:606:49: unused variable `m'`

Note: This linter can be disabled with `set_option linter.unusedVariables false`
⚠ [7881/7884] Built MMain (138s)
warning: MMain.lean:307:16: unused variable `n`

Note: This linter can be disabled with `set_option linter.unusedVariables false`
ℹ [7883/7884] Built MExamples (170s)
info: MExamples.lean:275:0: true
info: MExamples.lean:293:0: 4122
info: MExamples.lean:294:0: (true, 0, 25, 56, 4122)
info: MExamples.lean:295:0: (true, 0, 34, 94, 4122)
info: MExamples.lean:296:0: (true, 0, 60, 133, 4122)
info: MExamples.lean:297:0: 108
info: MExamples.lean:298:0: (true, 1, 137578, 852402, 4122)
info: MExamples.lean:299:0: (true, 0, 137578, 852404, 4122)
info: MExamples.lean:300:0: (true, 0, 1910, 10071, 4122)
info: MExamples.lean:301:0: (true, 0, 2603, 13561, 4122)
info: MExamples.lean:302:0: (true, 1, 138281, 859971, 4122)
info: MExamples.lean:303:0: (true, 0, 139061, 875220, 4122)
info: MExamples.lean:304:0: (true, 0, 1886, 9795, 4122)
info: MExamples.lean:305:0: (true, 0, 385, 2280, 4122)
info: MExamples.lean:306:0: 88
info: MExamples.lean:307:0: (true, 0, 961, 7299, 4122)
Build completed successfully (7884 jobs).
